[2026-08-21T08:37:55+09:00] active=12/8 held=4, nothing to do
[2026-08-21T08:42:55+09:00] active=12/8 held=4, nothing to do
[2026-08-21T08:47:56+09:00] active=12/8 held=12, nothing to do
[2026-08-21T08:52:56+09:00] active=12/8 held=12, nothing to do
[2026-08-21T08:57:56+09:00] active=12/8 held=12, nothing to do
[2026-08-21T09:02:56+09:00] active=12/8 held=12, nothing to do
[2026-08-21T09:07:56+09:00] active=12/8 held=12, nothing to do
[2026-08-21T09:12:56+09:00] active=12/8 held=12, nothing to do
[2026-08-21T09:17:56+09:00] active=12/8 held=12, nothing to do
[2026-08-21T09:22:56+09:00] active=12/8 held=12, nothing to do
[2026-08-21T09:27:56+09:00] active=12/8 held=12, nothing to do
[2026-08-21T09:32:56+09:00] active=12/8 held=12, nothing to do
[2026-08-21T09:37:56+09:00] active=12/8 held=12, nothing to do
[2026-08-21T09:42:56+09:00] active=12/8 held=12, nothing to do
[2026-08-21T09:47:56+09:00] active=12/8 held=12, nothing to do
[2026-08-21T09:52:56+09:00] active=12/8 held=12, nothing to do
[2026-08-21T09:57:56+09:00] active=12/8 held=12, nothing to do
[2026-08-21T10:02:56+09:00] active=12/8 held=12, nothing to do
[2026-08-21T10:07:56+09:00] active=12/8 held=12, nothing to do
[2026-08-21T10:12:56+09:00] active=12/8 held=12, nothing to do
[2026-08-21T10:17:56+09:00] active=12/8 held=12, nothing to do
[2026-08-21T10:22:57+09:00] active=12/8 held=12, nothing to do
[2026-08-21T10:27:57+09:00] active=12/8 held=12, nothing to do
[2026-08-21T10:32:57+09:00] active=12/8 held=12, nothing to do
[2026-08-21T10:37:57+09:00] active=12/8 held=12, nothing to do
[2026-08-21T10:42:57+09:00] active=12/8 held=12, nothing to do
[2026-08-21T10:47:57+09:00] active=12/8 held=12, nothing to do
[2026-08-21T10:52:57+09:00] active=12/8 held=12, nothing to do
[2026-08-21T10:57:57+09:00] active=12/8 held=12, nothing to do
[2026-08-21T11:02:57+09:00] active=12/8 held=12, nothing to do
[2026-08-21T11:07:57+09:00] active=12/8 held=12, nothing to do
[2026-08-21T11:12:57+09:00] active=12/8 held=12, nothing to do
[2026-08-21T11:17:57+09:00] active=12/8 held=12, nothing to do
[2026-08-21T11:22:57+09:00] active=12/8 held=12, nothing to do
[2026-08-21T11:27:57+09:00] active=12/8 held=12, nothing to do
[2026-08-21T11:32:57+09:00] active=12/8 held=12, nothing to do
[2026-08-21T11:37:57+09:00] active=12/8 held=12, nothing to do
[2026-08-21T11:42:57+09:00] active=12/8 held=12, nothing to do
[2026-08-21T11:47:57+09:00] active=12/8 held=12, nothing to do
[2026-08-21T11:52:58+09:00] active=12/8 held=12, nothing to do
[2026-08-21T11:57:58+09:00] active=12/8 held=12, nothing to do
[2026-08-21T12:02:58+09:00] active=12/8 held=12, nothing to do
[2026-08-21T12:07:58+09:00] active=12/8 held=12, nothing to do
[2026-08-21T12:12:58+09:00] active=12/8 held=12, nothing to do
[2026-08-21T12:17:58+09:00] active=12/8 held=12, nothing to do
[2026-08-21T12:22:58+09:00] active=12/8 held=12, nothing to do
[2026-08-21T12:27:58+09:00] active=12/8 held=12, nothing to do
[2026-08-21T12:32:58+09:00] active=12/8 held=12, nothing to do
[2026-08-21T12:37:58+09:00] active=12/8 held=12, nothing to do
[2026-08-21T12:42:58+09:00] active=12/8 held=12, nothing to do
[2026-08-21T12:47:58+09:00] active=12/8 held=12, nothing to do
[2026-08-21T12:52:58+09:00] active=12/8 held=12, nothing to do
[2026-08-21T12:57:58+09:00] active=12/8 held=12, nothing to do
[2026-08-21T13:02:58+09:00] active=12/8 held=12, nothing to do
[2026-08-21T13:07:58+09:00] active=12/8 held=12, nothing to do
[2026-08-21T13:12:58+09:00] active=12/8 held=12, nothing to do
[2026-08-21T13:17:58+09:00] active=12/8 held=12, nothing to do
[2026-08-21T13:22:59+09:00] active=12/8 held=12, nothing to do
[2026-08-21T13:27:59+09:00] active=12/8 held=12, nothing to do
[2026-08-21T13:32:59+09:00] active=12/8 held=12, nothing to do
[2026-08-21T13:37:59+09:00] active=12/8 held=12, nothing to do
[2026-08-21T13:42:59+09:00] active=12/8 held=12, nothing to do
[2026-08-21T13:47:59+09:00] active=12/8 held=12, nothing to do
[2026-08-21T13:52:59+09:00] active=12/8 held=12, nothing to do
[2026-08-21T13:57:59+09:00] active=12/8 held=12, nothing to do
[2026-08-21T14:02:59+09:00] active=12/8 held=12, nothing to do
[2026-08-21T14:07:59+09:00] active=12/8 held=12, nothing to do
[2026-08-21T14:12:59+09:00] active=11/8 held=12, nothing to do
[2026-08-21T14:17:59+09:00] active=10/8 held=12, nothing to do
[2026-08-21T14:22:59+09:00] active=7/8 -> releasing 4697891 (e616_cpswingup_som_lipvq_line_relu_gaussian_eps_s1)
[2026-08-21T14:28:02+09:00] active=7/8 -> releasing 4697892 (e617_hopperstand_som_lipvq_line_relu_gaussian_eps_s1)
[2026-08-21T14:33:05+09:00] active=8/8 held=10, nothing to do
[2026-08-21T14:38:06+09:00] active=7/8 -> releasing 4697893 (e618_cheetah_som_lipvq_line_relu_gaussian_eps_s1)
[2026-08-21T14:43:09+09:00] active=8/8 held=9, nothing to do
[2026-08-21T14:48:09+09:00] active=8/8 held=9, nothing to do
[2026-08-21T14:53:09+09:00] active=7/8 -> releasing 4697894 (e619_hopperhop_som_lipvq_line_relu_gaussian_eps_s1)
[2026-08-21T14:58:12+09:00] active=8/8 held=8, nothing to do
[2026-08-21T15:03:12+09:00] active=8/8 held=8, nothing to do
[2026-08-21T15:08:12+09:00] active=8/8 held=8, nothing to do
[2026-08-21T15:13:12+09:00] active=8/8 held=8, nothing to do
[2026-08-21T15:18:12+09:00] active=8/8 held=8, nothing to do
[2026-08-21T15:23:12+09:00] active=8/8 held=8, nothing to do
[2026-08-21T15:28:12+09:00] active=8/8 held=8, nothing to do
[2026-08-21T15:33:12+09:00] active=8/8 held=8, nothing to do
[2026-08-21T15:38:13+09:00] active=8/8 held=8, nothing to do
[2026-08-21T15:43:13+09:00] active=8/8 held=8, nothing to do
[2026-08-21T15:48:13+09:00] active=8/8 held=8, nothing to do
[2026-08-21T15:53:13+09:00] active=8/8 held=8, nothing to do
[2026-08-21T15:58:13+09:00] active=8/8 held=8, nothing to do
[2026-08-21T16:03:13+09:00] active=8/8 held=8, nothing to do
[2026-08-21T16:08:13+09:00] active=8/8 held=8, nothing to do
[2026-08-21T16:13:13+09:00] active=8/8 held=8, nothing to do
[2026-08-21T16:18:13+09:00] active=8/8 held=8, nothing to do
[2026-08-21T16:23:13+09:00] active=8/8 held=8, nothing to do
[2026-08-21T16:28:13+09:00] active=8/8 held=8, nothing to do
[2026-08-21T16:33:13+09:00] active=8/8 held=8, nothing to do
[2026-08-21T16:38:13+09:00] active=8/8 held=8, nothing to do
[2026-08-21T16:43:13+09:00] active=8/8 held=8, nothing to do
[2026-08-21T16:48:13+09:00] active=8/8 held=8, nothing to do
[2026-08-21T16:53:13+09:00] active=8/8 held=8, nothing to do
[2026-08-21T16:58:13+09:00] active=8/8 held=8, nothing to do
[2026-08-21T17:03:13+09:00] active=8/8 held=8, nothing to do
[2026-08-21T17:08:13+09:00] active=8/8 held=8, nothing to do
[2026-08-21T17:13:14+09:00] active=8/8 held=8, nothing to do
[2026-08-21T17:18:14+09:00] active=8/8 held=8, nothing to do
[2026-08-21T17:23:14+09:00] active=8/8 held=8, nothing to do
[2026-08-21T17:28:14+09:00] active=8/8 held=8, nothing to do
[2026-08-21T17:33:14+09:00] active=8/8 held=8, nothing to do
[2026-08-21T17:38:14+09:00] active=8/8 held=8, nothing to do
[2026-08-21T17:43:14+09:00] active=8/8 held=8, nothing to do
[2026-08-21T17:48:14+09:00] active=8/8 held=8, nothing to do
[2026-08-21T17:53:14+09:00] active=8/8 held=8, nothing to do
[2026-08-21T17:58:14+09:00] active=8/8 held=8, nothing to do
[2026-08-21T18:03:14+09:00] active=8/8 held=8, nothing to do
[2026-08-21T18:08:14+09:00] active=8/8 held=8, nothing to do
[2026-08-21T18:13:14+09:00] active=8/8 held=8, nothing to do
[2026-08-21T18:18:14+09:00] active=8/8 held=8, nothing to do
[2026-08-21T18:23:14+09:00] active=8/8 held=8, nothing to do
[2026-08-21T18:28:14+09:00] active=8/8 held=8, nothing to do
[2026-08-21T18:33:14+09:00] active=8/8 held=8, nothing to do
[2026-08-21T18:38:14+09:00] active=8/8 held=8, nothing to do
[2026-08-21T18:43:15+09:00] active=8/8 held=8, nothing to do
[2026-08-21T18:48:15+09:00] active=8/8 held=8, nothing to do
[2026-08-21T18:53:15+09:00] active=8/8 held=8, nothing to do
[2026-08-21T18:58:15+09:00] active=8/8 held=8, nothing to do
[2026-08-21T19:03:15+09:00] active=8/8 held=8, nothing to do
[2026-08-21T19:08:15+09:00] active=8/8 held=8, nothing to do
[2026-08-21T19:13:15+09:00] active=8/8 held=8, nothing to do
[2026-08-21T19:18:15+09:00] active=8/8 held=8, nothing to do
[2026-08-21T19:23:15+09:00] active=8/8 held=8, nothing to do
[2026-08-21T19:28:15+09:00] active=8/8 held=8, nothing to do
[2026-08-21T19:33:15+09:00] active=8/8 held=8, nothing to do
[2026-08-21T19:38:15+09:00] active=8/8 held=8, nothing to do
[2026-08-21T19:43:15+09:00] active=8/8 held=8, nothing to do
[2026-08-21T19:48:15+09:00] active=8/8 held=8, nothing to do
[2026-08-21T19:53:15+09:00] active=8/8 held=8, nothing to do
[2026-08-21T19:58:15+09:00] active=8/8 held=8, nothing to do
[2026-08-21T20:03:15+09:00] active=8/8 held=8, nothing to do
[2026-08-21T20:08:15+09:00] active=8/8 held=8, nothing to do
[2026-08-21T20:13:16+09:00] active=8/8 held=8, nothing to do
[2026-08-21T20:18:16+09:00] active=8/8 held=8, nothing to do
[2026-08-21T20:23:16+09:00] active=8/8 held=8, nothing to do
[2026-08-21T20:28:16+09:00] active=8/8 held=8, nothing to do
[2026-08-21T20:33:16+09:00] active=8/8 held=8, nothing to do
[2026-08-21T20:38:16+09:00] active=8/8 held=8, nothing to do
[2026-08-21T20:43:16+09:00] active=8/8 held=8, nothing to do
[2026-08-21T20:48:16+09:00] active=8/8 held=8, nothing to do
[2026-08-21T20:53:16+09:00] active=8/8 held=8, nothing to do
[2026-08-21T20:58:16+09:00] active=8/8 held=8, nothing to do
[2026-08-21T21:03:16+09:00] active=8/8 held=8, nothing to do
[2026-08-21T21:08:16+09:00] active=8/8 held=8, nothing to do
[2026-08-21T21:13:16+09:00] active=8/8 held=8, nothing to do
[2026-08-21T21:18:16+09:00] active=8/8 held=8, nothing to do
[2026-08-21T21:23:16+09:00] active=8/8 held=8, nothing to do
[2026-08-21T21:28:16+09:00] active=8/8 held=8, nothing to do
[2026-08-21T21:33:16+09:00] active=8/8 held=8, nothing to do
[2026-08-21T21:38:16+09:00] active=8/8 held=8, nothing to do
[2026-08-21T21:43:16+09:00] active=8/8 held=8, nothing to do
[2026-08-21T21:48:17+09:00] active=8/8 held=8, nothing to do
[2026-08-21T21:53:17+09:00] active=8/8 held=8, nothing to do
[2026-08-21T21:58:17+09:00] active=8/8 held=8, nothing to do
[2026-08-21T22:03:17+09:00] active=8/8 held=8, nothing to do
[2026-08-21T22:08:17+09:00] active=8/8 held=8, nothing to do
[2026-08-21T22:13:17+09:00] active=8/8 held=8, nothing to do
[2026-08-21T22:18:17+09:00] active=8/8 held=8, nothing to do
[2026-08-21T22:23:17+09:00] active=8/8 held=8, nothing to do
[2026-08-21T22:28:17+09:00] active=8/8 held=8, nothing to do
[2026-08-21T22:33:17+09:00] active=8/8 held=8, nothing to do
[2026-08-21T22:38:17+09:00] active=8/8 held=8, nothing to do
[2026-08-21T22:43:17+09:00] active=8/8 held=8, nothing to do
[2026-08-21T22:48:17+09:00] active=8/8 held=8, nothing to do
[2026-08-21T22:53:17+09:00] active=8/8 held=8, nothing to do
[2026-08-21T22:58:17+09:00] active=8/8 held=8, nothing to do
[2026-08-21T23:03:17+09:00] active=8/8 held=8, nothing to do
[2026-08-21T23:08:17+09:00] active=8/8 held=8, nothing to do
[2026-08-21T23:13:17+09:00] active=8/8 held=8, nothing to do
[2026-08-21T23:18:18+09:00] active=8/8 held=8, nothing to do
[2026-08-21T23:23:18+09:00] active=8/8 held=8, nothing to do
[2026-08-21T23:28:18+09:00] active=8/8 held=8, nothing to do
[2026-08-21T23:33:18+09:00] active=8/8 held=8, nothing to do
[2026-08-21T23:38:18+09:00] active=8/8 held=8, nothing to do
[2026-08-21T23:43:18+09:00] active=8/8 held=8, nothing to do
[2026-08-21T23:48:18+09:00] active=8/8 held=8, nothing to do
[2026-08-21T23:53:18+09:00] active=8/8 held=8, nothing to do
[2026-08-21T23:58:18+09:00] active=8/8 held=8, nothing to do
[2026-08-22T00:03:18+09:00] active=8/8 held=8, nothing to do
[2026-08-22T00:08:18+09:00] active=8/8 held=8, nothing to do
[2026-08-22T00:13:18+09:00] active=8/8 held=8, nothing to do
[2026-08-22T00:18:18+09:00] active=8/8 held=8, nothing to do
[2026-08-22T00:23:18+09:00] active=8/8 held=8, nothing to do
[2026-08-22T00:28:19+09:00] active=8/8 held=8, nothing to do
[2026-08-22T00:33:19+09:00] active=8/8 held=8, nothing to do
[2026-08-22T00:38:19+09:00] active=8/8 held=8, nothing to do
[2026-08-22T00:43:19+09:00] active=8/8 held=8, nothing to do
[2026-08-22T00:48:19+09:00] active=8/8 held=8, nothing to do
[2026-08-22T00:53:19+09:00] active=8/8 held=8, nothing to do
[2026-08-22T00:58:19+09:00] active=8/8 held=8, nothing to do
[2026-08-22T01:03:19+09:00] active=8/8 held=8, nothing to do
[2026-08-22T01:08:19+09:00] active=8/8 held=8, nothing to do
[2026-08-22T01:13:19+09:00] active=8/8 held=8, nothing to do
[2026-08-22T01:18:19+09:00] active=8/8 held=8, nothing to do
[2026-08-22T01:23:19+09:00] active=8/8 held=8, nothing to do
[2026-08-22T01:28:19+09:00] active=8/8 held=8, nothing to do
[2026-08-22T01:33:19+09:00] active=8/8 held=8, nothing to do
[2026-08-22T01:38:19+09:00] active=8/8 held=8, nothing to do
[2026-08-22T01:43:20+09:00] active=8/8 held=8, nothing to do
[2026-08-22T01:48:20+09:00] active=8/8 held=8, nothing to do
[2026-08-22T01:53:20+09:00] active=8/8 held=8, nothing to do
[2026-08-22T01:58:20+09:00] active=8/8 held=8, nothing to do
[2026-08-22T02:03:20+09:00] active=8/8 held=8, nothing to do
[2026-08-22T02:08:20+09:00] active=8/8 held=8, nothing to do
[2026-08-22T02:13:20+09:00] active=8/8 held=8, nothing to do
[2026-08-22T02:18:20+09:00] active=8/8 held=8, nothing to do
[2026-08-22T02:23:20+09:00] active=8/8 held=8, nothing to do
[2026-08-22T02:28:20+09:00] active=8/8 held=8, nothing to do
[2026-08-22T02:33:20+09:00] active=8/8 held=8, nothing to do
[2026-08-22T02:38:20+09:00] active=8/8 held=8, nothing to do
[2026-08-22T02:43:20+09:00] active=8/8 held=8, nothing to do
[2026-08-22T02:48:20+09:00] active=8/8 held=8, nothing to do
[2026-08-22T02:53:20+09:00] active=8/8 held=8, nothing to do
[2026-08-22T02:58:20+09:00] active=8/8 held=8, nothing to do
[2026-08-22T03:03:21+09:00] active=8/8 held=8, nothing to do
[2026-08-22T03:08:21+09:00] active=8/8 held=8, nothing to do
[2026-08-22T03:13:21+09:00] active=8/8 held=8, nothing to do
[2026-08-22T03:18:21+09:00] active=8/8 held=8, nothing to do
[2026-08-22T03:23:21+09:00] active=8/8 held=8, nothing to do
[2026-08-22T03:28:21+09:00] active=8/8 held=8, nothing to do
[2026-08-22T03:33:21+09:00] active=8/8 held=8, nothing to do
[2026-08-22T03:38:21+09:00] active=8/8 held=8, nothing to do
[2026-08-22T03:43:21+09:00] active=8/8 held=8, nothing to do
[2026-08-22T03:48:21+09:00] active=8/8 held=8, nothing to do
[2026-08-22T03:53:21+09:00] active=8/8 held=8, nothing to do
[2026-08-22T03:58:21+09:00] active=8/8 held=8, nothing to do
[2026-08-22T04:03:21+09:00] active=8/8 held=8, nothing to do
[2026-08-22T04:08:21+09:00] active=8/8 held=8, nothing to do
[2026-08-22T04:13:21+09:00] active=8/8 held=8, nothing to do
[2026-08-22T04:18:21+09:00] active=8/8 held=8, nothing to do
[2026-08-22T04:23:21+09:00] active=8/8 held=8, nothing to do
[2026-08-22T04:28:21+09:00] active=8/8 held=8, nothing to do
[2026-08-22T04:33:22+09:00] active=8/8 held=8, nothing to do
[2026-08-22T04:38:22+09:00] active=8/8 held=8, nothing to do
[2026-08-22T04:43:22+09:00] active=8/8 held=8, nothing to do
[2026-08-22T04:48:22+09:00] active=8/8 held=8, nothing to do
[2026-08-22T04:53:22+09:00] active=8/8 held=8, nothing to do
[2026-08-22T04:58:22+09:00] active=8/8 held=8, nothing to do
[2026-08-22T05:03:22+09:00] active=8/8 held=8, nothing to do
[2026-08-22T05:08:22+09:00] active=8/8 held=8, nothing to do
[2026-08-22T05:13:22+09:00] active=8/8 held=8, nothing to do
[2026-08-22T05:18:22+09:00] active=8/8 held=8, nothing to do
[2026-08-22T05:23:22+09:00] active=8/8 held=8, nothing to do
[2026-08-22T05:28:22+09:00] active=8/8 held=8, nothing to do
[2026-08-22T05:33:22+09:00] active=8/8 held=8, nothing to do
[2026-08-22T05:38:22+09:00] active=8/8 held=8, nothing to do
[2026-08-22T05:43:22+09:00] active=8/8 held=8, nothing to do
[2026-08-22T05:48:22+09:00] active=8/8 held=8, nothing to do
[2026-08-22T05:53:22+09:00] active=8/8 held=8, nothing to do
[2026-08-22T05:58:22+09:00] active=8/8 held=8, nothing to do
[2026-08-22T06:03:23+09:00] active=8/8 held=8, nothing to do
[2026-08-22T06:08:23+09:00] active=8/8 held=8, nothing to do
[2026-08-22T06:13:23+09:00] active=8/8 held=8, nothing to do
[2026-08-22T06:18:23+09:00] active=8/8 held=8, nothing to do
[2026-08-22T06:23:23+09:00] active=8/8 held=8, nothing to do
[2026-08-22T06:28:23+09:00] active=8/8 held=8, nothing to do
[2026-08-22T06:33:23+09:00] active=8/8 held=8, nothing to do
[2026-08-22T06:38:23+09:00] active=8/8 held=8, nothing to do
[2026-08-22T06:43:23+09:00] active=8/8 held=8, nothing to do
[2026-08-22T06:48:23+09:00] active=8/8 held=8, nothing to do
[2026-08-22T06:53:23+09:00] active=8/8 held=8, nothing to do
[2026-08-22T06:58:23+09:00] active=8/8 held=8, nothing to do
[2026-08-22T07:03:23+09:00] active=8/8 held=8, nothing to do
[2026-08-22T07:08:23+09:00] active=8/8 held=8, nothing to do
[2026-08-22T07:13:23+09:00] active=8/8 held=8, nothing to do
[2026-08-22T07:18:23+09:00] active=8/8 held=8, nothing to do
[2026-08-22T07:23:23+09:00] active=8/8 held=8, nothing to do
[2026-08-22T07:28:23+09:00] active=8/8 held=8, nothing to do
[2026-08-22T07:33:24+09:00] active=8/8 held=8, nothing to do
[2026-08-22T07:38:24+09:00] active=8/8 held=8, nothing to do
[2026-08-22T07:43:24+09:00] active=8/8 held=8, nothing to do
[2026-08-22T07:48:24+09:00] active=8/8 held=8, nothing to do
[2026-08-22T07:53:24+09:00] active=8/8 held=8, nothing to do
[2026-08-22T07:58:24+09:00] active=8/8 held=8, nothing to do
[2026-08-22T08:03:24+09:00] active=8/8 held=8, nothing to do
[2026-08-22T08:08:24+09:00] active=8/8 held=8, nothing to do
[2026-08-22T08:13:24+09:00] active=8/8 held=8, nothing to do
[2026-08-22T08:18:24+09:00] active=8/8 held=8, nothing to do
[2026-08-22T08:23:24+09:00] active=8/8 held=8, nothing to do
[2026-08-22T08:28:24+09:00] active=8/8 held=8, nothing to do
[2026-08-22T08:33:24+09:00] active=8/8 held=8, nothing to do
[2026-08-22T08:38:24+09:00] active=8/8 held=8, nothing to do
[2026-08-22T08:43:24+09:00] active=8/8 held=8, nothing to do
[2026-08-22T08:48:24+09:00] active=8/8 held=8, nothing to do
[2026-08-22T08:53:24+09:00] active=8/8 held=8, nothing to do
[2026-08-22T08:58:24+09:00] active=8/8 held=8, nothing to do
[2026-08-22T09:03:24+09:00] active=8/8 held=8, nothing to do
[2026-08-22T09:08:25+09:00] active=8/8 held=8, nothing to do
[2026-08-22T09:13:25+09:00] active=8/8 held=8, nothing to do
[2026-08-22T09:18:25+09:00] active=8/8 held=8, nothing to do
[2026-08-22T09:23:25+09:00] active=8/8 held=8, nothing to do
[2026-08-22T09:28:25+09:00] active=8/8 held=8, nothing to do
[2026-08-22T09:33:25+09:00] active=8/8 held=8, nothing to do
[2026-08-22T09:38:25+09:00] active=8/8 held=8, nothing to do
[2026-08-22T09:43:25+09:00] active=8/8 held=8, nothing to do
[2026-08-22T09:48:25+09:00] active=8/8 held=8, nothing to do
[2026-08-22T09:53:25+09:00] active=8/8 held=8, nothing to do
[2026-08-22T09:58:25+09:00] active=8/8 held=8, nothing to do
[2026-08-22T10:03:25+09:00] active=8/8 held=8, nothing to do
[2026-08-22T10:08:25+09:00] active=8/8 held=8, nothing to do
[2026-08-22T10:13:25+09:00] active=8/8 held=8, nothing to do
[2026-08-22T10:18:25+09:00] active=8/8 held=8, nothing to do
[2026-08-22T10:23:25+09:00] active=8/8 held=8, nothing to do
[2026-08-22T10:28:25+09:00] active=8/8 held=8, nothing to do
[2026-08-22T10:33:25+09:00] active=8/8 held=8, nothing to do
[2026-08-22T10:38:26+09:00] active=8/8 held=8, nothing to do
[2026-08-22T10:43:26+09:00] active=8/8 held=8, nothing to do
[2026-08-22T10:48:26+09:00] active=8/8 held=8, nothing to do
[2026-08-22T10:53:26+09:00] active=8/8 held=8, nothing to do
[2026-08-22T10:58:26+09:00] active=8/8 held=8, nothing to do
[2026-08-22T11:03:26+09:00] active=8/8 held=8, nothing to do
[2026-08-22T11:08:26+09:00] active=8/8 held=8, nothing to do
[2026-08-22T11:13:26+09:00] active=8/8 held=8, nothing to do
[2026-08-22T11:18:26+09:00] active=8/8 held=8, nothing to do
[2026-08-22T11:23:26+09:00] active=8/8 held=8, nothing to do
[2026-08-22T11:28:26+09:00] active=8/8 held=8, nothing to do
[2026-08-22T11:33:26+09:00] active=8/8 held=8, nothing to do
[2026-08-22T11:38:26+09:00] active=8/8 held=8, nothing to do
[2026-08-22T11:43:26+09:00] active=8/8 held=8, nothing to do
[2026-08-22T11:48:26+09:00] active=8/8 held=8, nothing to do
[2026-08-22T11:53:26+09:00] active=8/8 held=8, nothing to do
[2026-08-22T11:58:26+09:00] active=8/8 held=8, nothing to do
[2026-08-22T12:03:27+09:00] active=8/8 held=8, nothing to do
[2026-08-22T12:08:27+09:00] active=8/8 held=8, nothing to do
[2026-08-22T12:13:27+09:00] active=8/8 held=8, nothing to do
[2026-08-22T12:18:27+09:00] active=8/8 held=8, nothing to do
[2026-08-22T12:23:27+09:00] active=8/8 held=8, nothing to do
[2026-08-22T12:28:27+09:00] active=8/8 held=8, nothing to do
[2026-08-22T12:33:27+09:00] active=8/8 held=8, nothing to do
[2026-08-22T12:38:27+09:00] active=8/8 held=8, nothing to do
[2026-08-22T12:43:27+09:00] active=8/8 held=8, nothing to do
[2026-08-22T12:48:27+09:00] active=8/8 held=8, nothing to do
[2026-08-22T12:53:27+09:00] active=8/8 held=8, nothing to do
[2026-08-22T12:58:27+09:00] active=8/8 held=8, nothing to do
[2026-08-22T13:03:27+09:00] active=8/8 held=8, nothing to do
[2026-08-22T13:08:27+09:00] active=8/8 held=8, nothing to do
[2026-08-22T13:13:27+09:00] active=8/8 held=8, nothing to do
[2026-08-22T13:18:27+09:00] active=8/8 held=8, nothing to do
[2026-08-22T13:23:27+09:00] active=8/8 held=8, nothing to do
[2026-08-22T13:28:27+09:00] active=8/8 held=8, nothing to do
[2026-08-22T13:33:28+09:00] active=8/8 held=8, nothing to do
[2026-08-22T13:38:28+09:00] active=8/8 held=8, nothing to do
[2026-08-22T13:43:28+09:00] active=8/8 held=8, nothing to do
[2026-08-22T13:48:28+09:00] active=8/8 held=8, nothing to do
[2026-08-22T13:53:28+09:00] active=8/8 held=8, nothing to do
[2026-08-22T13:58:28+09:00] active=8/8 held=8, nothing to do
[2026-08-22T14:03:28+09:00] active=8/8 held=8, nothing to do
[2026-08-22T14:08:28+09:00] active=8/8 held=8, nothing to do
[2026-08-22T14:13:28+09:00] active=8/8 held=8, nothing to do
[2026-08-22T14:18:28+09:00] active=8/8 held=8, nothing to do
[2026-08-22T14:23:28+09:00] active=8/8 held=8, nothing to do
[2026-08-22T14:28:28+09:00] active=8/8 held=8, nothing to do
[2026-08-22T14:33:28+09:00] active=8/8 held=8, nothing to do
[2026-08-22T14:38:28+09:00] active=8/8 held=8, nothing to do
[2026-08-22T14:43:28+09:00] active=8/8 held=8, nothing to do
[2026-08-22T14:48:28+09:00] active=8/8 held=8, nothing to do
[2026-08-22T14:53:28+09:00] active=8/8 held=8, nothing to do
[2026-08-22T14:58:28+09:00] active=8/8 held=8, nothing to do
[2026-08-22T15:03:28+09:00] active=8/8 held=8, nothing to do
[2026-08-22T15:08:29+09:00] active=8/8 held=8, nothing to do
[2026-08-22T15:13:29+09:00] active=8/8 held=8, nothing to do
[2026-08-22T15:18:29+09:00] active=8/8 held=8, nothing to do
[2026-08-22T15:23:29+09:00] active=8/8 held=8, nothing to do
[2026-08-22T15:28:29+09:00] active=8/8 held=8, nothing to do
[2026-08-22T15:33:29+09:00] active=8/8 held=8, nothing to do
[2026-08-22T15:38:29+09:00] active=8/8 held=8, nothing to do
[2026-08-22T15:43:29+09:00] active=8/8 held=8, nothing to do
[2026-08-22T15:48:29+09:00] active=8/8 held=8, nothing to do
[2026-08-22T15:53:29+09:00] active=8/8 held=8, nothing to do
[2026-08-22T15:58:29+09:00] active=8/8 held=8, nothing to do
[2026-08-22T16:03:29+09:00] active=8/8 held=8, nothing to do
[2026-08-22T16:08:29+09:00] active=8/8 held=8, nothing to do
[2026-08-22T16:13:29+09:00] active=8/8 held=8, nothing to do
[2026-08-22T16:18:29+09:00] active=8/8 held=8, nothing to do
[2026-08-22T16:23:29+09:00] active=8/8 held=8, nothing to do
[2026-08-22T16:28:29+09:00] active=8/8 held=8, nothing to do
[2026-08-22T16:33:29+09:00] active=8/8 held=8, nothing to do
[2026-08-22T16:38:30+09:00] active=7/8 -> releasing 4697896 (e620_antmazexl_director_s0)
[2026-08-22T16:43:33+09:00] active=8/8 held=7, nothing to do
[2026-08-22T16:48:33+09:00] active=8/8 held=7, nothing to do
[2026-08-22T16:53:33+09:00] active=7/8 -> releasing 4697897 (e621_antmazexl_director_s1)
[2026-08-22T16:58:36+09:00] active=8/8 held=6, nothing to do
[2026-08-22T17:03:36+09:00] active=6/8 -> releasing 4697898 (e622_antmazexl_som_lipvq_line_relu_gaussian_eps_s0)
[2026-08-22T17:03:39+09:00] active=6/8 -> releasing 4697899 (e623_antmazexl_som_lipvq_line_relu_gaussian_eps_s1)
[2026-08-22T17:08:42+09:00] active=8/8 held=4, nothing to do
[2026-08-22T17:13:42+09:00] active=8/8 held=4, nothing to do
[2026-08-22T17:18:42+09:00] active=8/8 held=4, nothing to do
[2026-08-22T17:23:42+09:00] active=7/8 -> releasing 4697904 (e624_pinpadsix_director_s0)
[2026-08-22T17:28:45+09:00] active=8/8 held=3, nothing to do
[2026-08-22T17:33:45+09:00] active=8/8 held=3, nothing to do
[2026-08-22T17:38:46+09:00] active=8/8 held=3, nothing to do
[2026-08-22T17:43:46+09:00] active=8/8 held=3, nothing to do
[2026-08-22T17:48:46+09:00] active=8/8 held=3, nothing to do
[2026-08-22T17:53:46+09:00] active=8/8 held=3, nothing to do
[2026-08-22T17:58:46+09:00] active=8/8 held=3, nothing to do
[2026-08-22T18:03:46+09:00] active=8/8 held=3, nothing to do
[2026-08-22T18:08:46+09:00] active=8/8 held=3, nothing to do
[2026-08-22T18:13:46+09:00] active=8/8 held=3, nothing to do
[2026-08-22T18:18:46+09:00] active=8/8 held=3, nothing to do
[2026-08-22T18:23:46+09:00] active=8/8 held=3, nothing to do
[2026-08-22T18:28:46+09:00] active=8/8 held=3, nothing to do
[2026-08-22T18:33:46+09:00] active=8/8 held=3, nothing to do
[2026-08-22T18:38:46+09:00] active=8/8 held=3, nothing to do
[2026-08-22T18:43:46+09:00] active=8/8 held=3, nothing to do
[2026-08-22T18:48:46+09:00] active=8/8 held=3, nothing to do
[2026-08-22T18:53:46+09:00] active=8/8 held=3, nothing to do
[2026-08-22T18:58:47+09:00] active=7/8 -> releasing 4697905 (e625_pinpadsix_director_s1)
[2026-08-22T19:03:50+09:00] active=8/8 held=2, nothing to do
[2026-08-22T19:08:50+09:00] active=8/8 held=2, nothing to do
[2026-08-22T19:13:50+09:00] active=8/8 held=2, nothing to do
[2026-08-22T19:18:50+09:00] active=8/8 held=2, nothing to do
[2026-08-22T19:23:50+09:00] active=8/8 held=2, nothing to do
[2026-08-22T19:28:50+09:00] active=8/8 held=2, nothing to do
[2026-08-22T19:33:50+09:00] active=7/8 -> releasing 4697906 (e626_pinpadsix_som_lipvq_line_relu_gaussian_eps_s0)
[2026-08-22T19:38:53+09:00] active=8/8 held=1, nothing to do
[2026-08-22T19:43:53+09:00] active=8/8 held=1, nothing to do
[2026-08-22T19:48:53+09:00] active=8/8 held=1, nothing to do
[2026-08-22T19:53:53+09:00] active=8/8 held=1, nothing to do
[2026-08-22T19:58:53+09:00] active=8/8 held=1, nothing to do
[2026-08-22T20:03:53+09:00] active=8/8 held=1, nothing to do
[2026-08-22T20:08:53+09:00] active=8/8 held=1, nothing to do
[2026-08-22T20:13:53+09:00] active=8/8 held=1, nothing to do
[2026-08-22T20:18:54+09:00] active=7/8 -> releasing 4697907 (e627_pinpadsix_som_lipvq_line_relu_gaussian_eps_s1)
[2026-08-22T20:23:57+09:00] nothing held; releaser done
